// Vitest Snapshot v1, https://vitest.dev/guide/snapshot.html

exports[`Home component > should match snapshot 1`] = `
<DocumentFragment>
  <a
    href="https://vitejs.dev"
    target="_blank"
  >
    <img
      alt="Vite logo"
      class="logo"
      src="/src/assets/vite.svg"
    />
  </a>
  <a
    href="https://react.dev"
    target="_blank"
  >
    <img
      alt="React logo"
      class="logo react"
      src="/src/assets/react.svg"
    />
  </a>
  <h1>
    Vite + React
  </h1>
  <div
    class="card"
  >
    <button>
      count is 0
    </button>
    <p>
      Edit 
      <code>
        src/App.tsx
      </code>
       and save to test HMR
    </p>
  </div>
  <p
    class="read-the-docs"
  >
    Click on the Vite and React logos to learn more
  </p>
</DocumentFragment>
`;
